[darkrise-astro.vercel.app/index.html]
[darkrise-astro.vercel.app/images/favicon.png]
[backblue.gif]
[fade.gif]
[index.html]
[darkrise-astro.vercel.app/_astro/hoisted.DvB2Xm2x.css]
[darkrise-astro.vercel.app/_astro/_regular_.BJfAfEBw.css]
[darkrise-astro.vercel.app/_astro/hoisted.UNXrF2uc.js]
[darkrise-astro.vercel.app/_astro/logo.B_O5iFVC_ZXtXxO.svg]
[darkrise-astro.vercel.app/_astro/banner-bg.DWsuhNy-_1yj8xE.webp]
[darkrise-astro.vercel.app/about/index.html]
[darkrise-astro.vercel.app/integration/index.html]
[darkrise-astro.vercel.app/pricing/index.html]
[darkrise-astro.vercel.app/_astro/award.DBICt9v7_Z1JeJm4.svg]
[darkrise-astro.vercel.app/integration/intercom/index.html]
[darkrise-astro.vercel.app/feature/index.html]
[darkrise-astro.vercel.app/blog/index.html]
[darkrise-astro.vercel.app/blog/post-1/index.html]
[darkrise-astro.vercel.app/contact/index.html]
[darkrise-astro.vercel.app/_astro/1.CZPqTL6__MEu6t.svg]
[darkrise-astro.vercel.app/terms-conditions/index.html]
[darkrise-astro.vercel.app/_astro/2.peAkJkgd_ZrRWeq.svg]
[darkrise-astro.vercel.app/_astro/3.DONHACJ7_Z1HM5tj.svg]
[darkrise-astro.vercel.app/_astro/4.Bhjumlc6_Z2eX1zI.svg]
[darkrise-astro.vercel.app/_astro/5.CNE-Krv__Z1KEDfv.svg]
[darkrise-astro.vercel.app/_astro/sales-overview.uImYVWKA_Zo3lxl.webp]
[darkrise-astro.vercel.app/_astro/monthly-sale.XOy7oO1I_Z1QdF9z.webp]
[darkrise-astro.vercel.app/_astro/audience-activity.CbUArZ2w_ZdO4ji.webp]
[darkrise-astro.vercel.app/_astro/summery.h62mgV8k_Z1cfSuV.webp]
[darkrise-astro.vercel.app/_astro/customer.DtJ2sL-Q_1LfQVf.webp]
[darkrise-astro.vercel.app/_astro/customer-sales.Dq1qkhbi_1dSKQM.webp]
[darkrise-astro.vercel.app/_astro/setup.VJ9_NnOC_f4Kos.svg]
[darkrise-astro.vercel.app/_astro/mailchimp.CdJWDeBv_Z1KWU20.svg]
[darkrise-astro.vercel.app/_astro/shopify.O0k9UfyA_Z1CxggE.svg]
[darkrise-astro.vercel.app/_astro/slack.k38k3Ptj_ZL2s7k.svg]
[darkrise-astro.vercel.app/_astro/zapier.ChPN8ft5_ZlOAQw.svg]
[darkrise-astro.vercel.app/_astro/6.tksI6xJh_5c4qQ.webp]
[darkrise-astro.vercel.app/_astro/2.LbZnXuX4_ZWYF4U.svg]
[darkrise-astro.vercel.app/_astro/4.DxnVRxrs_Z2x0fJW.svg]
[darkrise-astro.vercel.app/_astro/3.DpT9CiUp_Z1qnjwM.svg]
[darkrise-astro.vercel.app/_astro/5.BcxKi5Mi_2vLU2d.svg]
[darkrise-astro.vercel.app/_astro/6.smaiC5an_Z1h55IV.svg]
[darkrise-astro.vercel.app/_astro/9.BHshOIg9_lAxi.svg]
[darkrise-astro.vercel.app/_astro/10.uQh17on-_ZMmk10.svg]
[darkrise-astro.vercel.app/_astro/call-to-action.Cl_QJlF9_1y8jva.webp]
[darkrise-astro.vercel.app/_astro/call-to-action-bg.BQlRe6r4_2kqBUz.webp]
[darkrise-astro.vercel.app/index.html]
[darkrise-astro.vercel.app/_astro/hoisted.DvB2Xm2x.css]
[darkrise-astro.vercel.app/_astro/_regular_.BJfAfEBw.css]
[darkrise-astro.vercel.app/_astro/logo.B_O5iFVC_ZXtXxO.svg]
[darkrise-astro.vercel.app/_astro/logo.B_O5iFVC_jG7of.svg]
[darkrise-astro.vercel.app/integration/kickstar/index.html]
[darkrise-astro.vercel.app/_astro/11.JdwsPS4A_Z17abkF.svg]
[darkrise-astro.vercel.app/_astro/hoisted.DKsoIRUI.js]
[darkrise-astro.vercel.app/_astro/about-banner.ZRPiiwrU_1xY62B.webp]
[darkrise-astro.vercel.app/_astro/1._yV_SNkU_7iYfX.webp]
[darkrise-astro.vercel.app/_astro/2.DsXeX4mL_AoSqV.webp]
[darkrise-astro.vercel.app/_astro/3.B8WJ2k4S_zrs3T.webp]
[darkrise-astro.vercel.app/about/index.html]
[darkrise-astro.vercel.app/_astro/4.EAqPDM_e_2vYFsG.webp]
[darkrise-astro.vercel.app/_astro/hoisted.BkUBgl77.js]
[darkrise-astro.vercel.app/pricing/index.html]
[darkrise-astro.vercel.app/_astro/call-to-action-2.mmrN57Hg_1mvxYd.webp]
[darkrise-astro.vercel.app/integration/hubspot/index.html]
[darkrise-astro.vercel.app/integration/kickstarter/index.html]
[darkrise-astro.vercel.app/integration/hubspot-2/index.html]
[darkrise-astro.vercel.app/integration/shopify-2/index.html]
[darkrise-astro.vercel.app/_astro/pattern-1.Dww158xO_Z2sma5Y.webp]
[darkrise-astro.vercel.app/integration/shopify/index.html]
[darkrise-astro.vercel.app/integration/mailchimp/index.html]
[darkrise-astro.vercel.app/_astro/gift.CYoN780x_26fNY2.webp]
[darkrise-astro.vercel.app/_astro/pattern-4.BgGtdrhu_Z21HPzL.webp]
[darkrise-astro.vercel.app/_astro/pattern-5.S3WxSHlz_YiaQU.webp]
[darkrise-astro.vercel.app/_astro/focus.CO6SfXBo_2152RF.webp]
[darkrise-astro.vercel.app/_astro/date-2.IzwjFd4B_Z3yqHN.webp]
[darkrise-astro.vercel.app/integration/index.html]
[darkrise-astro.vercel.app/integration/intercom/index.html]
[darkrise-astro.vercel.app/_astro/pattern-6.Tn7fRYmY_Z1eRWOs.webp]
[darkrise-astro.vercel.app/_astro/1.DMhj799R_Z1kbPy8.webp]
[darkrise-astro.vercel.app/_astro/2.ynX-v8un_Z1NJ3qD.webp]
[darkrise-astro.vercel.app/_astro/3.BWskFCv0_Z25ICau.webp]
[darkrise-astro.vercel.app/_astro/insights-1.CyHO4p4d_NgfMg.webp]
[darkrise-astro.vercel.app/_astro/insights-2.Ct_s7OXF_ZDp8xb.webp]
[darkrise-astro.vercel.app/_astro/insights-3.viETtYLb_ytOg7.webp]
[darkrise-astro.vercel.app/_astro/tools-images-bg.Dq_0KXGE_Z1rL5De.webp]
[darkrise-astro.vercel.app/_astro/tools-1.D3oXAwF3_HKf0U.svg]
[darkrise-astro.vercel.app/_astro/tools-4.51RYxWTq_1JvQDu.svg]
[darkrise-astro.vercel.app/_astro/tools-5.DSMnSe3m_ZB6Fhi.svg]
[darkrise-astro.vercel.app/_astro/tools-6.BumxSuKe_Z2pgPYs.svg]
[darkrise-astro.vercel.app/_astro/tools-7.D0vL1TEH_FsG0F.svg]
[darkrise-astro.vercel.app/feature/index.html]
[darkrise-astro.vercel.app/_astro/tools-8.C1qUOW77_1jdENO.svg]
[darkrise-astro.vercel.app/_astro/1.CD47dElq_Z1jM0K1.webp]
[darkrise-astro.vercel.app/_astro/2.Cf6cLNtJ_Z1UqtjG.webp]
[darkrise-astro.vercel.app/_astro/3.C2fuHRNx_2su1GJ.webp]
[darkrise-astro.vercel.app/blog/post-2/index.html]
[darkrise-astro.vercel.app/_astro/4.DLSleSz-_ZdThrs.webp]
[darkrise-astro.vercel.app/blog/post-3/index.html]
[darkrise-astro.vercel.app/_astro/5.DLRd2tJU_23Q2va.webp]
[darkrise-astro.vercel.app/blog/post-4/index.html]
[darkrise-astro.vercel.app/blog/post-5/index.html]
[darkrise-astro.vercel.app/_astro/6.47jlh99B_Z12TwcF.webp]
[darkrise-astro.vercel.app/_astro/7.6iVwkhI5_2vtUrX.webp]
[darkrise-astro.vercel.app/blog/post-6/index.html]
[darkrise-astro.vercel.app/blog/index.html]
[darkrise-astro.vercel.app/_astro/8.CON7qpg4_lnGcb.webp]
[darkrise-astro.vercel.app/blog/post-7/index.html]
[darkrise-astro.vercel.app/blog/post-8/index.html]
[darkrise-astro.vercel.app/blog/page/2/index.html]
[darkrise-astro.vercel.app/_astro/1.CD47dElq_1CVupK.webp]
[darkrise-astro.vercel.app/blog/post-1/t.5d.delayed]
[darkrise-astro.vercel.app/blog/post-1/index.html]
[darkrise-astro.vercel.app/changelog/index.html]
[darkrise-astro.vercel.app/contact/index.html]
[darkrise-astro.vercel.app/terms-conditions/index.html]
[darkrise-astro.vercel.app/_astro/award.DBICt9v7_Z1JeJm4.svg]
[darkrise-astro.vercel.app/_astro/1.CZPqTL6__MEu6t.svg]
[darkrise-astro.vercel.app/_astro/2.peAkJkgd_ZrRWeq.svg]
[darkrise-astro.vercel.app/_astro/3.DONHACJ7_Z1HM5tj.svg]
[darkrise-astro.vercel.app/_astro/4.Bhjumlc6_Z2eX1zI.svg]
[darkrise-astro.vercel.app/_astro/5.CNE-Krv__Z1KEDfv.svg]
[darkrise-astro.vercel.app/_astro/setup.VJ9_NnOC_f4Kos.svg]
[darkrise-astro.vercel.app/_astro/calender-plus.C9zLGds0_ZEXH7q.svg]
[darkrise-astro.vercel.app/_astro/chart.DzAGPqXp_1vjgjV.svg]
[darkrise-astro.vercel.app/_astro/chat.uMIQbBCv_Z1NNi9D.svg]
[darkrise-astro.vercel.app/_astro/cart.C51HcO2t_2dMCgu.svg]
[darkrise-astro.vercel.app/_astro/customer.BW_xlpm5_Z14hThK.svg]
[darkrise-astro.vercel.app/_astro/intercom.DlJeRS7C_Zk5NMb.svg]
[darkrise-astro.vercel.app/_astro/hubspot.Cfv3FqnR_ZrAXbV.svg]
[darkrise-astro.vercel.app/_astro/kickstarter.CPFoQz1A_Z1qgB0o.svg]
[darkrise-astro.vercel.app/_astro/mailchimp.CdJWDeBv_Z1KWU20.svg]
[darkrise-astro.vercel.app/_astro/shopify.O0k9UfyA_Z1CxggE.svg]
[darkrise-astro.vercel.app/_astro/slack.k38k3Ptj_ZL2s7k.svg]
[darkrise-astro.vercel.app/_astro/zapier.ChPN8ft5_ZlOAQw.svg]
[darkrise-astro.vercel.app/_astro/2.LbZnXuX4_ZWYF4U.svg]
[darkrise-astro.vercel.app/_astro/3.DpT9CiUp_Z1qnjwM.svg]
[darkrise-astro.vercel.app/_astro/4.DxnVRxrs_Z2x0fJW.svg]
[darkrise-astro.vercel.app/_astro/5.BcxKi5Mi_2vLU2d.svg]
[darkrise-astro.vercel.app/_astro/9.BHshOIg9_lAxi.svg]
[darkrise-astro.vercel.app/_astro/6.smaiC5an_Z1h55IV.svg]
[darkrise-astro.vercel.app/_astro/11.JdwsPS4A_Z17abkF.svg]
[darkrise-astro.vercel.app/_astro/10.uQh17on-_ZMmk10.svg]
[darkrise-astro.vercel.app/_astro/logo.B_O5iFVC_jG7of.svg]
[darkrise-astro.vercel.app/integration/kickstar/index.html]
[darkrise-astro.vercel.app/_astro/grow.CSBd8vZW_XjRvA.svg]
[darkrise-astro.vercel.app/_astro/collaboration.VpnsUoAY_Z1jSFY1.svg]
[darkrise-astro.vercel.app/_astro/tools.Cxgyl5nQ_2asqzv.svg]
[darkrise-astro.vercel.app/_astro/facebook.Bb2yMyan_2wazAj.svg]
[darkrise-astro.vercel.app/_astro/twitter.G6BLhoOH_17RoeX.svg]
[darkrise-astro.vercel.app/_astro/linkedin.6S_sT4ux_ohtp3.svg]
[darkrise-astro.vercel.app/_astro/check.DjlODwvZ_2eYIMg.svg]
[darkrise-astro.vercel.app/_astro/cross.CIOB9OOO_ZxGDCp.svg]
[darkrise-astro.vercel.app/integration/hubspot-2/index.html]
[darkrise-astro.vercel.app/integration/hubspot/index.html]
[darkrise-astro.vercel.app/integration/kickstarter/index.html]
[darkrise-astro.vercel.app/integration/mailchimp/index.html]
[darkrise-astro.vercel.app/integration/shopify-2/index.html]
[darkrise-astro.vercel.app/integration/shopify/index.html]
[darkrise-astro.vercel.app/_astro/banner.DSZMVOBl_1H7hSD.webp]
[darkrise-astro.vercel.app/privacy-policy/index.html]
[darkrise-astro.vercel.app/404/index.html]
[darkrise-astro.vercel.app/integration/slack/index.html]
[darkrise-astro.vercel.app/_astro/tools-1.D3oXAwF3_HKf0U.svg]
[darkrise-astro.vercel.app/_astro/tools-2.uqCe1soT_1OWo3q.svg]
[darkrise-astro.vercel.app/_astro/tools-3.EdwEw_hp_Z2vb0q8.svg]
[darkrise-astro.vercel.app/_astro/tools-4.51RYxWTq_1JvQDu.svg]
[darkrise-astro.vercel.app/_astro/tools-5.DSMnSe3m_ZB6Fhi.svg]
[darkrise-astro.vercel.app/_astro/tools-6.BumxSuKe_Z2pgPYs.svg]
[darkrise-astro.vercel.app/_astro/tools-7.D0vL1TEH_FsG0F.svg]
[darkrise-astro.vercel.app/_astro/tools-8.C1qUOW77_1jdENO.svg]
[darkrise-astro.vercel.app/_astro/pattern-3.Cd3RD85D_19Rb6w.webp]
[darkrise-astro.vercel.app/_astro/pattern-2.DmQCLOKF_O5xVc.webp]
[darkrise-astro.vercel.app/integration/zapier/index.html]
[darkrise-astro.vercel.app/_astro/2.Cf6cLNtJ_28uNpx.webp]
[darkrise-astro.vercel.app/blog/post-2/t.64.delayed]
[darkrise-astro.vercel.app/blog/post-2/index.html]
[darkrise-astro.vercel.app/_astro/3.C2fuHRNx_2iaiCU.webp]
[darkrise-astro.vercel.app/blog/post-3/t.66.delayed]
[darkrise-astro.vercel.app/blog/post-3/index.html]
[darkrise-astro.vercel.app/_astro/4.DLSleSz-_O1g5C.webp]
[darkrise-astro.vercel.app/blog/post-4/t.68.delayed]
[darkrise-astro.vercel.app/blog/post-4/index.html]
[darkrise-astro.vercel.app/_astro/5.DLRd2tJU_Z1Vpe8d.webp]
[darkrise-astro.vercel.app/blog/post-5/t.6a.delayed]
[darkrise-astro.vercel.app/blog/post-5/index.html]
[darkrise-astro.vercel.app/_astro/6.47jlh99B_1Kq7uf.webp]
[darkrise-astro.vercel.app/blog/post-6/t.6c.delayed]
[darkrise-astro.vercel.app/blog/post-6/index.html]
[darkrise-astro.vercel.app/_astro/7.6iVwkhI5_ZcIJPK.webp]
[darkrise-astro.vercel.app/blog/post-7/t.6e.delayed]
[darkrise-astro.vercel.app/blog/post-7/index.html]
[darkrise-astro.vercel.app/blog/post-8/t.70.delayed]
[darkrise-astro.vercel.app/blog/post-8/index.html]
[darkrise-astro.vercel.app/blog/page/2/index.html]
[darkrise-astro.vercel.app/blog/post-1/404.html]
[darkrise-astro.vercel.app/changelog/index.html]
[darkrise-astro.vercel.app/_astro/corporate.B_8roFMM_2w4AOx.svg]
[darkrise-astro.vercel.app/_astro/message.g4bbr_eV_Z1R8qrR.svg]
[darkrise-astro.vercel.app/_astro/copy.Bb8nB5gZ_ZY4l6a.svg]
[darkrise-astro.vercel.app/_astro/phone.CXRq_zby_uIgrg.svg]
[darkrise-astro.vercel.app/_astro/email.oxLI4RhI_Z1TNUv3.svg]
[darkrise-astro.vercel.app/privacy-policy/index.html]
[darkrise-astro.vercel.app/404/index.html]
[darkrise-astro.vercel.app/integration/slack/index.html]
[darkrise-astro.vercel.app/integration/zapier/index.html]
[darkrise-astro.vercel.app/blog/post-2/404.html]
[darkrise-astro.vercel.app/blog/post-3/404.html]
[darkrise-astro.vercel.app/blog/post-4/404.html]
[darkrise-astro.vercel.app/blog/post-5/404.html]
[darkrise-astro.vercel.app/blog/post-6/404.html]
[darkrise-astro.vercel.app/blog/post-7/404.html]
[darkrise-astro.vercel.app/blog/post-8/404.html]
[darkrise-astro.vercel.app/_astro/8.CON7qpg4_24tmFn.webp]
